2026-09-18T21:25:39	DyGs	FAIL	100	20ms	0	NCSI probing re-enabled (value 1);service re-enabled: DoSvc
2026-09-18T21:26:39	DyGs	FAIL	100	17ms	0	NCSI probing re-enabled (value 1);service re-enabled: DoSvc
2026-09-18T21:28:09		FAIL	100	19ms	0	service re-enabled: DoSvc
2026-09-18T21:29:09		FAIL	100	43ms	0	service re-enabled: DoSvc
2026-09-18T21:29:41	DyGs	FAIL	100	18ms	0	service re-enabled: DoSvc
2026-09-18T21:30:43	DyGs	FAIL	100	15ms	0	service re-enabled: DoSvc
2026-09-18T21:32:28	DyGs	FAIL	100	15ms	0	DNS drift (1.1.1.1,8.8.8.8)
2026-09-18T21:34:22	DyGs	FAIL	0	14ms	0	
2026-09-18T21:35:18		FAIL	100	14ms	0	
2026-09-18T21:36:11		FAIL	100	13ms	0	
2026-09-18T21:39:16		FAIL	100	15ms	0	
2026-09-18T21:40:24	DyGs	FAIL	25	17ms	0	
2026-09-18T21:41:49		FAIL	100	15ms	0	
2026-09-18T21:44:04	DyGs	LINK_DEGRADED	25	14ms	0	
2026-09-18T21:45:20	DyGs	LINK_DEGRADED	0	15ms	0	
2026-09-18T21:50:26	DyGs	LINK_DEGRADED	100	18ms	0	
2026-09-18T21:55:18	DyGs	LINK_DEGRADED	0	17ms	0	
2026-09-18T22:00:25	DyGs	LINK_DEGRADED	75	15ms	0	
2026-09-18T22:05:19	DyGs	LINK_DEGRADED	0	18ms	0	
2026-09-18T22:10:25	DyGs	LINK_DEGRADED	100	15ms	0	
2026-09-18T22:15:26	DyGs	LINK_DEGRADED	100	13ms	0	
2026-09-18T22:20:24	DyGs	LINK_DEGRADED	75	14ms	0	
2026-09-18T22:25:25	DyGs	LINK_DEGRADED	100	18ms	0	
2026-09-18T22:30:24	DyGs	LINK_DEGRADED	50	18ms	0	
2026-09-18T22:35:23	DyGs	LINK_DEGRADED	50	15ms	0	
2026-09-18T22:40:18	DyGs	LINK_DEGRADED	0	20ms	0	
2026-09-18T22:45:25	DyGs	LINK_DEGRADED	100	14ms	0	
2026-09-18T22:50:24	DyGs	LINK_DEGRADED	50	18ms	0	
2026-09-18T22:55:18	DyGs	LINK_DEGRADED	0	14ms	0	
2026-09-18T23:00:25	DyGs	LINK_DEGRADED	100	15ms	0	
2026-09-18T23:05:17	DyGs	LINK_DEGRADED	0	14ms	0	
2026-09-18T23:10:21	DyGs	LINK_DEGRADED	0	15ms	0	
2026-09-18T23:15:18	DyGs	LINK_DEGRADED	0	16ms	0	
2026-09-18T23:19:52		LINK_DEGRADED	100	17ms	0	
2026-09-18T23:20:19		LINK_DEGRADED	100	14ms	0	
2026-09-18T23:25:24	DyGs	LINK_DEGRADED	100	15ms	0	
2026-09-18T23:30:17	DyGs	LINK_DEGRADED	0	14ms	0	
2026-09-18T23:35:17	DyGs	LINK_DEGRADED	0	17ms	0	
2026-09-18T23:40:17	DyGs	LINK_DEGRADED	0	14ms	0	
2026-09-18T23:45:17	DyGs	LINK_DEGRADED	0	14ms	0	
2026-09-18T23:50:17	DyGs	LINK_DEGRADED	0	14ms	0	
2026-09-19T00:36:42	DyGs	LINK_DEGRADED	0	19ms	0	
2026-09-19T00:40:18	DyGs	LINK_DEGRADED	0	15ms	0	
2026-09-19T00:46:46		LINK_DEGRADED	100	18ms	0	
2026-09-19T00:50:19		LINK_DEGRADED	100	18ms	0	
2026-09-19T00:55:19	Unidentified network	LINK_DEGRADED	100	15ms	0	
2026-09-19T01:00:37	DyGs	CONFIG_DRIFT	100	16ms	0	IP drift (got 192.168.0.101);DNS drift (192.168.0.1)
2026-09-19T01:05:29	DyGs	CONFIG_DRIFT	0	16ms	0	DNS drift ()
2026-09-19T01:10:26	DyGs	LINK_DEGRADED	100	19ms	0	
2026-09-19T01:15:26	DyGs	LINK_DEGRADED	75	14ms	0	
2026-09-19T01:20:20	DyGs	LINK_DEGRADED	0	24ms	0	
2026-09-19T01:25:19	DyGs	LINK_DEGRADED	25	15ms	0	
2026-09-19T01:30:17	DyGs	LINK_DEGRADED	0	16ms	0	
2026-09-19T01:35:19	DyGs	LINK_DEGRADED	0	18ms	0	
2026-09-19T01:40:24	DyGs	LINK_DEGRADED	75	17ms	0	
2026-09-19T01:45:18	DyGs	LINK_DEGRADED	0	28ms	0	
2026-09-19T01:50:23	DyGs	LINK_DEGRADED	0	32ms	0	
2026-09-19T01:55:23	DyGs	LINK_DEGRADED	0	33ms	0	
2026-09-19T02:00:23	DyGs	LINK_DEGRADED	0	87ms	0	
2026-09-19T02:05:23	DyGs	LINK_DEGRADED	0	40ms	0	
2026-09-19T02:10:23	DyGs	LINK_DEGRADED	0	74ms	0	
2026-09-19T02:15:25	DyGs	LINK_DEGRADED	0	46ms	0	
2026-09-19T02:20:24	DyGs	LINK_DEGRADED	0	40ms	0	
2026-09-19T02:25:23	DyGs	LINK_DEGRADED	0	41ms	0	
2026-09-19T02:30:24	DyGs	LINK_DEGRADED	0	33ms	0	
2026-09-19T02:35:24	DyGs	LINK_DEGRADED	0	41ms	0	
2026-09-19T02:40:24	DyGs	LINK_DEGRADED	0	40ms	0	
2026-09-19T02:45:23	DyGs	LINK_DEGRADED	0	35ms	0	
2026-09-19T02:50:24	DyGs	LINK_DEGRADED	0	41ms	0	
2026-09-19T02:55:25	DyGs	LINK_DEGRADED	0	39ms	0	
2026-09-19T03:00:24	DyGs	LINK_DEGRADED	0	115ms	0	
2026-09-19T03:05:24	DyGs	LINK_DEGRADED	0	42ms	0	
2026-09-19T03:10:25	DyGs	LINK_DEGRADED	0	49ms	0	
2026-09-19T03:15:23	DyGs	LINK_DEGRADED	0	40ms	0	
2026-09-19T03:20:24	DyGs	LINK_DEGRADED	0	43ms	0	
2026-09-19T03:25:23	DyGs	LINK_DEGRADED	0	80ms	0	
2026-09-19T03:30:24	DyGs	LINK_DEGRADED	0	82ms	0	
2026-09-19T03:35:24	DyGs	LINK_DEGRADED	0	34ms	0	
2026-09-19T03:40:25	DyGs	LINK_DEGRADED	0	52ms	0	
2026-09-19T03:45:24	DyGs	LINK_DEGRADED	0	34ms	0	
2026-09-19T03:50:25	DyGs	LINK_DEGRADED	0	34ms	0	
2026-09-19T03:55:26	DyGs	LINK_DEGRADED	0	46ms	0	
2026-09-19T04:00:24	DyGs	LINK_DEGRADED	0	34ms	0	
2026-09-19T04:05:24	DyGs	LINK_DEGRADED	0	42ms	0	
2026-09-19T04:10:24	DyGs	LINK_DEGRADED	0	46ms	0	
2026-09-19T04:15:25	DyGs	LINK_DEGRADED	0	35ms	0	
2026-09-19T04:20:28	DyGs	LINK_DEGRADED	0	37ms	0	
2026-09-19T04:25:24	DyGs	LINK_DEGRADED	0	43ms	0	
2026-09-19T04:30:25	DyGs	LINK_DEGRADED	0	42ms	0	
2026-09-19T04:35:25	DyGs	LINK_DEGRADED	0	42ms	0	
2026-09-19T04:40:25	DyGs	LINK_DEGRADED	0	36ms	0	
2026-09-19T04:45:24	DyGs	LINK_DEGRADED	0	42ms	0	
2026-09-19T04:50:24	DyGs	LINK_DEGRADED	0	99ms	0	
2026-09-19T12:51:28		LINK_DEGRADED	100	47ms	0	
2026-09-19T12:55:25	DyGs	LINK_DEGRADED	25	33ms	0	
2026-09-19T13:00:24	DyGs	LINK_DEGRADED	0	75ms	0	
2026-09-19T13:05:24	DyGs	LINK_DEGRADED	0	41ms	0	
2026-09-19T13:10:23	DyGs	LINK_DEGRADED	0	33ms	0	
2026-09-19T13:15:24	DyGs	LINK_DEGRADED	0	33ms	0	
2026-09-19T13:20:24	DyGs	LINK_DEGRADED	0	39ms	0	
2026-09-19T13:25:23	DyGs	LINK_DEGRADED	0	40ms	0	
2026-09-19T13:30:23	DyGs	LINK_DEGRADED	0	33ms	0	
2026-09-19T13:35:23	DyGs	LINK_DEGRADED	0	74ms	0	
2026-09-19T13:40:24	DyGs	LINK_DEGRADED	0	33ms	0	
2026-09-19T13:45:24	DyGs	LINK_DEGRADED	0	35ms	0	
2026-09-19T13:50:25	DyGs	LINK_DEGRADED	0	113ms	0	
2026-09-19T13:55:24	DyGs	LINK_DEGRADED	0	49ms	0	
2026-09-19T14:00:28	DyGs	LINK_DEGRADED	0	33ms	0	
2026-09-19T14:05:31	DyGs	LINK_DEGRADED	75	41ms	0	
2026-09-19T14:10:24	DyGs	LINK_DEGRADED	0	34ms	0	
2026-09-19T14:15:47	DyGs	CONFIG_DRIFT	0	133ms	0	task re-enabled: OneDrive Reporting Task-S-1-5-21-2607308527-2797325485-3496030197-1001;task re-enabled: OneDrive Startup Task-S-1-5-21-2607308527-2797325485-3496030197-1001;task re-enabled: Office Background Push Maintenance;task re-enabled: Office ClickToRun Service Monitor;task re-enabled: Office Performance Monitor
2026-09-19T14:20:29	DyGs	LINK_DEGRADED	0	150ms	0	
2026-09-19T14:25:30	DyGs	LINK_DEGRADED	0	280ms	0	
2026-09-19T14:30:30	DyGs	LINK_DEGRADED	0	263ms	0	
2026-09-19T14:35:29	DyGs	LINK_DEGRADED	0	140ms	0	
2026-09-19T14:40:29	DyGs	LINK_DEGRADED	0	125ms	0	
2026-09-19T14:45:33	DyGs	LINK_DEGRADED	100	1736ms	0	
2026-09-19T14:50:29	DyGs	LINK_DEGRADED	0	121ms	0	
2026-09-19T14:55:35	DyGs	LINK_DEGRADED	100	3695ms	0	
2026-09-19T15:00:30	DyGs	LINK_DEGRADED	0	85ms	0	
2026-09-19T15:05:30	DyGs	LINK_DEGRADED	0	183ms	0	
2026-09-19T15:10:29	DyGs	LINK_DEGRADED	0	136ms	0	
2026-09-19T15:15:31	DyGs	LINK_DEGRADED	0	1077ms	0	
2026-09-19T15:20:30	DyGs	LINK_DEGRADED	0	139ms	0	
2026-09-19T15:26:33		LINK_DEGRADED	100	61ms	0	
2026-09-19T15:30:30	DyGs	LINK_DEGRADED	50	134ms	0	
2026-09-19T15:35:29	DyGs	LINK_DEGRADED	0	119ms	0	
2026-09-19T15:40:29	DyGs	LINK_DEGRADED	0	169ms	0	
2026-09-19T15:45:28	DyGs	LINK_DEGRADED	0	112ms	0	
2026-09-19T15:50:29	DyGs	LINK_DEGRADED	0	121ms	0	
2026-09-19T15:55:29	DyGs	LINK_DEGRADED	0	94ms	0	
2026-09-19T16:00:36	DyGs	LINK_DEGRADED	100	5726ms	0	
2026-09-19T16:05:29	DyGs	LINK_DEGRADED	0	211ms	0	
2026-09-19T16:10:29	DyGs	LINK_DEGRADED	0	125ms	0	
2026-09-19T16:15:31	DyGs	LINK_DEGRADED	0	121ms	0	
2026-09-19T16:20:29	DyGs	LINK_DEGRADED	0	122ms	0	
2026-09-19T16:25:30	DyGs	LINK_DEGRADED	0	147ms	0	
2026-09-19T16:30:29	DyGs	LINK_DEGRADED	0	136ms	0	
2026-09-19T16:35:29	DyGs	LINK_DEGRADED	0	151ms	0	
2026-09-19T16:40:30	DyGs	LINK_DEGRADED	0	149ms	0	
2026-09-19T16:45:29	DyGs	LINK_DEGRADED	0	135ms	0	
2026-09-19T16:50:31	DyGs	LINK_DEGRADED	0	273ms	0	
2026-09-19T16:55:31	DyGs	LINK_DEGRADED	0	103ms	0	
2026-09-19T17:00:46	DyGs	LINK_DEGRADED	0	154ms	0	
2026-09-19T17:03:28		LINK_DEGRADED	100	524ms	0	
2026-09-19T17:05:57	DyGs	LINK_DEGRADED	0	276ms	0	
